/usr/local/lib/python3.12/dist-packages/torch/cuda/__init__.py:61: FutureWarning: The pynvml package is deprecated. Please install nvidia-ml-py instead. If you did not install pynvml directly, please report this to the maintainers of the package that installed pynvml for you.
  import pynvml  # type: ignore[import]
/usr/local/lib/python3.12/dist-packages/huggingface_hub/constants.py:277: FutureWarning: The `HF_HUB_ENABLE_HF_TRANSFER` environment variable is deprecated as 'hf_transfer' is not used anymore. Please use `HF_XET_HIGH_PERFORMANCE` instead to enable high performance transfer with Xet. Visit https://huggingface.co/docs/huggingface_hub/package_reference/environment_variables#hfxethighperformance for more details.
  warnings.warn(
Warning: You are sending unauthenticated requests to the HF Hub. Please set a HF_TOKEN to enable higher rate limits and faster downloads.
max_running_requests_per_dp=4096
dp_size=1
skip_max_running_requests_threshold=4096
skip_token_capacity_threshold=8963328
======== Warmup Begin ========
Warmup with batch_size=[16]
#Input tokens: 16384
#Output tokens: 256
batch size: 16
input_len: 1024
output_len: 16
latency: 1.10 s
input throughput: 62832.62 tok/s
output throughput: 306.09 tok/s
last_ttft: 0.26 s
last generation throughput: -1.00 tok/s
======== Warmup End   ========

#Input tokens: 32768
#Output tokens: 1024
batch size: 16
input_len: 2048
output_len: 64
latency: 4.43 s
input throughput: 143563.83 tok/s
output throughput: 243.90 tok/s
last_ttft: 0.23 s
last generation throughput: 23.03 tok/s
#Input tokens: 32768
#Output tokens: 1024
Dump profiling traces to /tmp/dev_run/no-lora/graph_off/profile/1781492413.5317404
Waiting for 12 steps and the trace to be flushed.... (profile_by_stage=False)
batch size: 16
input_len: 2048
output_len: 64
latency: 8.98 s
input throughput: 50615.91 tok/s
output throughput: 122.95 tok/s
last_ttft: 0.65 s
last generation throughput: 58.78 tok/s

Results are saved to /tmp/dev_run/no-lora/graph_off/profile/bench.jsonl
