/usr/local/lib/python3.12/dist-packages/torch/cuda/__init__.py:61: FutureWarning: The pynvml package is deprecated. Please install nvidia-ml-py instead. If you did not install pynvml directly, please report this to the maintainers of the package that installed pynvml for you.
  import pynvml  # type: ignore[import]
/usr/local/lib/python3.12/dist-packages/huggingface_hub/constants.py:277: FutureWarning: The `HF_HUB_ENABLE_HF_TRANSFER` environment variable is deprecated as 'hf_transfer' is not used anymore. Please use `HF_XET_HIGH_PERFORMANCE` instead to enable high performance transfer with Xet. Visit https://huggingface.co/docs/huggingface_hub/package_reference/environment_variables#hfxethighperformance for more details.
  warnings.warn(
Warning: You are sending unauthenticated requests to the HF Hub. Please set a HF_TOKEN to enable higher rate limits and faster downloads.
max_running_requests_per_dp=4096
dp_size=1
skip_max_running_requests_threshold=4096
skip_token_capacity_threshold=4788672
======== Warmup Begin ========
Warmup with batch_size=[16]
#Input tokens: 16384
#Output tokens: 256
batch size: 16
input_len: 1024
output_len: 16
latency: 6.74 s
input throughput: 2498.18 tok/s
output throughput: 1394.71 tok/s
last_ttft: 6.56 s
last generation throughput: -1.00 tok/s
======== Warmup End   ========

#Input tokens: 32768
#Output tokens: 32768
batch size: 16
input_len: 2048
output_len: 2048
latency: 26.89 s
input throughput: 54733.74 tok/s
output throughput: 1246.45 tok/s
last_ttft: 0.60 s
last generation throughput: 1238.69 tok/s

Results are saved to /tmp/dev_run/no-lora/bench/bs16.jsonl

Input lens: [2048]. Output lens: [2048].
|   batch size |   input len |   latency (s) |   input throughput (tok/s) |   output throughput (tok/s) | acc length   |   ITL (ms) |   input cost ($/1M) |   output cost ($/1M) | cache hit rate   |
|--------------|-------------|---------------|----------------------------|-----------------------------|--------------|------------|---------------------|----------------------|------------------|
|           16 |        2048 |         26.89 |                    54733.7 |                     1246.45 | n/a          |      12.84 |                0.03 |                 0.89 | n/a              |

