/usr/local/lib/python3.12/dist-packages/torch/cuda/__init__.py:61: FutureWarning: The pynvml package is deprecated. Please install nvidia-ml-py instead. If you did not install pynvml directly, please report this to the maintainers of the package that installed pynvml for you.
  import pynvml  # type: ignore[import]
/usr/local/lib/python3.12/dist-packages/huggingface_hub/constants.py:277: FutureWarning: The `HF_HUB_ENABLE_HF_TRANSFER` environment variable is deprecated as 'hf_transfer' is not used anymore. Please use `HF_XET_HIGH_PERFORMANCE` instead to enable high performance transfer with Xet. Visit https://huggingface.co/docs/huggingface_hub/package_reference/environment_variables#hfxethighperformance for more details.
  warnings.warn(
Warning: You are sending unauthenticated requests to the HF Hub. Please set a HF_TOKEN to enable higher rate limits and faster downloads.
max_running_requests_per_dp=4096
dp_size=1
skip_max_running_requests_threshold=4096
skip_token_capacity_threshold=8963328
======== Warmup Begin ========
Warmup with batch_size=[64]
#Input tokens: 65536
#Output tokens: 1024
batch size: 64
input_len: 1024
output_len: 16
latency: 0.43 s
input throughput: 186633.93 tok/s
output throughput: 13067.62 tok/s
last_ttft: 0.35 s
last generation throughput: -1.00 tok/s
======== Warmup End   ========

#Input tokens: 131072
#Output tokens: 3072
batch size: 64
input_len: 2048
output_len: 48
latency: 0.93 s
input throughput: 190715.42 tok/s
output throughput: 12700.29 tok/s
last_ttft: 0.69 s
last generation throughput: 125.46 tok/s
#Input tokens: 131072
#Output tokens: 3072
Dump profiling traces to /tmp/dev_run/no-lora/graph_on/profile/1781492239.2226944
Waiting for 24 steps and the trace to be flushed.... (profile_by_stage=False)
batch size: 64
input_len: 2048
output_len: 48
latency: 5.68 s
input throughput: 24072.02 tok/s
output throughput: 12805.38 tok/s
last_ttft: 5.44 s
last generation throughput: 331.50 tok/s

Results are saved to /tmp/dev_run/no-lora/graph_on/profile/bench.jsonl
