/usr/local/lib/python3.12/dist-packages/torch/cuda/__init__.py:61: FutureWarning: The pynvml package is deprecated. Please install nvidia-ml-py instead. If you did not install pynvml directly, please report this to the maintainers of the package that installed pynvml for you.
  import pynvml  # type: ignore[import]
/usr/local/lib/python3.12/dist-packages/huggingface_hub/constants.py:277: FutureWarning: The `HF_HUB_ENABLE_HF_TRANSFER` environment variable is deprecated as 'hf_transfer' is not used anymore. Please use `HF_XET_HIGH_PERFORMANCE` instead to enable high performance transfer with Xet. Visit https://huggingface.co/docs/huggingface_hub/package_reference/environment_variables#hfxethighperformance for more details.
  warnings.warn(
Warning: You are sending unauthenticated requests to the HF Hub. Please set a HF_TOKEN to enable higher rate limits and faster downloads.
max_running_requests_per_dp=4096
dp_size=1
skip_max_running_requests_threshold=4096
skip_token_capacity_threshold=4515776
======== Warmup Begin ========
Warmup with batch_size=[16]
#Input tokens: 16384
#Output tokens: 256
batch size: 16
input_len: 1024
output_len: 16
latency: 11.20 s
input throughput: 1497.61 tok/s
output throughput: 990.38 tok/s
last_ttft: 10.94 s
last generation throughput: -1.00 tok/s
======== Warmup End   ========

#Input tokens: 32768
#Output tokens: 1024
batch size: 16
input_len: 2048
output_len: 64
latency: 2.67 s
input throughput: 21164.41 tok/s
output throughput: 909.12 tok/s
last_ttft: 1.55 s
last generation throughput: 17.89 tok/s
#Input tokens: 32768
#Output tokens: 1024
Dump profiling traces to /tmp/dev_run/lora/graph_on/profile/1781605265.351723
Waiting for 12 steps and the trace to be flushed.... (profile_by_stage=False)
batch size: 16
input_len: 2048
output_len: 64
latency: 8.79 s
input throughput: 17538.07 tok/s
output throughput: 147.97 tok/s
last_ttft: 1.87 s
last generation throughput: 58.81 tok/s

Results are saved to /tmp/dev_run/lora/graph_on/profile/bench.jsonl
